
unco =

     0


unobsv =

     0

### Searching for referenced models in model 'discrete_smc_swarm_single'.
### Total of 1 models to build.

ans =

   1.8485e-05

### Searching for referenced models in model 'discrete_smc_swarm_single'.
### Total of 1 models to build.

ans =

   2.4043e-05

### Searching for referenced models in model 'discrete_smc_swarm_single'.
### Total of 1 models to build.

ans =

   2.8506e-05

### Searching for referenced models in model 'discrete_smc_swarm_single'.
### Total of 1 models to build.

ans =

   2.3993e-05

### Searching for referenced models in model 'discrete_smc_swarm_single'.
### Total of 1 models to build.

ans =

   6.0931e-05

### Searching for referenced models in model 'discrete_smc_swarm_single'.
### Total of 1 models to build.

ans =

   6.8592e-05

### Searching for referenced models in model 'discrete_smc_swarm_single'.
### Total of 1 models to build.

ans =

   8.5365e-06

### Searching for referenced models in model 'discrete_smc_swarm_single'.
### Total of 1 models to build.

ans =

   5.8112e-05

### Searching for referenced models in model 'discrete_smc_swarm_single'.
### Total of 1 models to build.

ans =

   4.7516e-05

### Searching for referenced models in model 'discrete_smc_swarm_single'.
### Total of 1 models to build.

ans =

   1.7604e-05

### Searching for referenced models in model 'discrete_smc_swarm_single'.
### Total of 1 models to build.

ans =

   6.9796e-05

### Searching for referenced models in model 'discrete_smc_swarm_single'.
### Total of 1 models to build.

ans =

   3.1680e-05

### Searching for referenced models in model 'discrete_smc_swarm_single'.
### Total of 1 models to build.

ans =

   4.6283e-05

### Searching for referenced models in model 'discrete_smc_swarm_single'.
### Total of 1 models to build.

ans =

   9.8322e-05

### Searching for referenced models in model 'discrete_smc_swarm_single'.
### Total of 1 models to build.

ans =

   3.6142e-05

### Searching for referenced models in model 'discrete_smc_swarm_single'.
### Total of 1 models to build.

ans =

   8.8219e-05

### Searching for referenced models in model 'discrete_smc_swarm_single'.
### Total of 1 models to build.

ans =

   1.4368e-04

### Searching for referenced models in model 'discrete_smc_swarm_single'.
### Total of 1 models to build.

ans =

   6.3416e-05

### Searching for referenced models in model 'discrete_smc_swarm_single'.
### Total of 1 models to build.

ans =

   1.3989e-04

### Searching for referenced models in model 'discrete_smc_swarm_single'.
### Total of 1 models to build.

ans =

   1.9838e-04

### Searching for referenced models in model 'discrete_smc_swarm_single'.
### Total of 1 models to build.

ans =

   1.0452e-04

### Searching for referenced models in model 'discrete_smc_swarm_single'.
### Total of 1 models to build.

ans =

   1.9033e-04

### Searching for referenced models in model 'discrete_smc_swarm_single'.
### Total of 1 models to build.

ans =

   2.7333e-04

### Searching for referenced models in model 'discrete_smc_swarm_single'.
### Total of 1 models to build.

ans =

   1.4861e-04

### Searching for referenced models in model 'discrete_smc_swarm_single'.
### Total of 1 models to build.

ans =

   2.3076e-04

### Searching for referenced models in model 'discrete_smc_swarm_single'.
### Total of 1 models to build.
