\BOOKMARK [1][-]{section.1}{\376\377\000I\000n\000t\000r\000o\000d\000u\000c\000t\000i\000o\000n}{}% 1
\BOOKMARK [2][-]{subsection.1.1}{\376\377\000R\000e\000l\000a\000t\000e\000d\000\040\000W\000o\000r\000k}{section.1}% 2
\BOOKMARK [2][-]{subsection.1.2}{\376\377\000N\000e\000w\000\040\000C\000o\000n\000t\000r\000i\000b\000u\000t\000i\000o\000n\000s}{section.1}% 3
\BOOKMARK [1][-]{section.2}{\376\377\000V\000e\000h\000i\000c\000l\000e\000\040\000M\000o\000d\000e\000l}{}% 4
\BOOKMARK [1][-]{section.3}{\376\377\000C\000o\000n\000t\000r\000o\000l\000l\000e\000r\000\040\000F\000o\000r\000m\000u\000l\000a\000t\000i\000o\000n}{}% 5
\BOOKMARK [2][-]{subsection.3.1}{\376\377\000L\000Q\000R\000\040\000C\000o\000n\000t\000r\000o\000l\000l\000e\000r\000\040\000w\000i\000t\000h\000\040\000I\000n\000t\000e\000g\000r\000a\000l\000\040\000A\000c\000t\000i\000o\000n}{section.3}% 6
\BOOKMARK [2][-]{subsection.3.2}{\376\377\000C\000a\000s\000c\000a\000d\000e\000d\000\040\000P\000I\000D\000\040\000C\000o\000n\000t\000r\000o\000l\000l\000e\000r}{section.3}% 7
\BOOKMARK [2][-]{subsection.3.3}{\376\377\000C\000o\000n\000t\000i\000n\000u\000o\000u\000s\000\040\000S\000l\000i\000d\000i\000n\000g\000\040\000M\000o\000d\000e\000\040\000C\000o\000n\000t\000r\000o\000l\000l\000e\000r}{section.3}% 8
\BOOKMARK [2][-]{subsection.3.4}{\376\377\000D\000i\000s\000c\000r\000e\000t\000e\000\040\000S\000l\000i\000d\000i\000n\000g\000\040\000M\000o\000d\000e\000\040\000C\000o\000n\000t\000r\000o\000l\000l\000e\000r}{section.3}% 9
\BOOKMARK [1][-]{section.4}{\376\377\000S\000i\000m\000u\000l\000a\000t\000i\000o\000n\000\040\000D\000e\000s\000i\000g\000n}{}% 10
\BOOKMARK [2][-]{subsection.4.1}{\376\377\000B\000a\000l\000l\000i\000s\000t\000i\000c\000\040\000T\000r\000a\000j\000e\000c\000t\000o\000r\000y}{section.4}% 11
\BOOKMARK [2][-]{subsection.4.2}{\376\377\000P\000a\000r\000a\000m\000e\000t\000e\000r\000s\000\040\000a\000n\000d\000\040\000C\000o\000n\000f\000i\000g\000u\000r\000a\000t\000i\000o\000n}{section.4}% 12
\BOOKMARK [1][-]{section.5}{\376\377\000S\000i\000m\000u\000l\000a\000t\000i\000o\000n\000\040\000R\000e\000s\000u\000l\000t\000s}{}% 13
\BOOKMARK [2][-]{subsection.5.1}{\376\377\000B\000a\000l\000l\000i\000s\000t\000i\000c\000\040\000F\000l\000i\000g\000h\000t\000\040\000E\000n\000v\000e\000l\000o\000p\000e}{section.5}% 14
\BOOKMARK [1][-]{section.6}{\376\377\000I\000n\000p\000u\000t\000\040\000S\000a\000t\000u\000r\000a\000t\000i\000o\000n\000\040\000H\000a\000n\000d\000l\000i\000n\000g\000\040\000f\000o\000r\000\040\000t\000h\000e\000\040\000D\000i\000s\000c\000r\000e\000t\000e\000\040\000S\000l\000i\000d\000i\000n\000g\000\040\000M\000o\000d\000e\000\040\000C\000o\000n\000t\000r\000o\000l\000l\000e\000r}{}% 15
\BOOKMARK [2][-]{subsection.6.1}{\376\377\000M\000o\000t\000o\000r\000\040\000M\000i\000x\000i\000n\000g\000\040\000a\000n\000d\000\040\000S\000a\000t\000u\000r\000a\000t\000i\000o\000n\000\040\000L\000i\000m\000i\000t\000s}{section.6}% 16
\BOOKMARK [2][-]{subsection.6.2}{\376\377\000P\000r\000i\000o\000r\000i\000t\000y\000-\000W\000e\000i\000g\000h\000t\000e\000d\000\040\000A\000l\000l\000o\000c\000a\000t\000i\000o\000n}{section.6}% 17
\BOOKMARK [2][-]{subsection.6.3}{\376\377\000A\000u\000x\000i\000l\000i\000a\000r\000y\000\040\000S\000t\000a\000t\000e\000\040\000a\000n\000d\000\040\000M\000o\000d\000i\000f\000i\000e\000d\000\040\000S\000l\000i\000d\000i\000n\000g\000\040\000V\000a\000r\000i\000a\000b\000l\000e}{section.6}% 18
\BOOKMARK [2][-]{subsection.6.4}{\376\377\000D\000e\000f\000i\000c\000i\000t\000-\000C\000o\000u\000p\000l\000i\000n\000g\000\040\000M\000a\000t\000r\000i\000x}{section.6}% 19
\BOOKMARK [2][-]{subsection.6.5}{\376\377\000S\000c\000h\000u\000r\000\040\000S\000t\000a\000b\000i\000l\000i\000t\000y\000\040\000o\000f\000\040\000t\000h\000e\000\040\000A\000u\000g\000m\000e\000n\000t\000e\000d\000\040\000S\000y\000s\000t\000e\000m}{section.6}% 20
\BOOKMARK [2][-]{subsection.6.6}{\376\377\000I\000S\000S\000-\000L\000y\000a\000p\000u\000n\000o\000v\000\040\000S\000t\000a\000b\000i\000l\000i\000t\000y}{section.6}% 21
\BOOKMARK [2][-]{subsection.6.7}{\376\377\000R\000e\000d\000u\000c\000t\000i\000o\000n\000\040\000t\000o\000\040\000t\000h\000e\000\040\000U\000n\000c\000o\000n\000s\000t\000r\000a\000i\000n\000e\000d\000\040\000L\000i\000m\000i\000t}{section.6}% 22
\BOOKMARK [2][-]{subsection.6.8}{\376\377\000S\000t\000e\000a\000d\000y\000-\000S\000t\000a\000t\000e\000\040\000R\000e\000s\000i\000d\000u\000a\000l\000s\000\040\000U\000n\000d\000e\000r\000\040\000S\000u\000s\000t\000a\000i\000n\000e\000d\000\040\000S\000a\000t\000u\000r\000a\000t\000i\000o\000n}{section.6}% 23
\BOOKMARK [2][-]{subsection.6.9}{\376\377\000S\000a\000t\000u\000r\000a\000t\000e\000d\000\040\000C\000o\000n\000t\000r\000o\000l\000\040\000R\000e\000s\000u\000l\000t\000s}{section.6}% 24
\BOOKMARK [1][-]{section.7}{\376\377\000C\000o\000n\000c\000l\000u\000s\000i\000o\000n\000s}{}% 25
\BOOKMARK [2][-]{subsection.7.1}{\376\377\000F\000u\000t\000u\000r\000e\000\040\000W\000o\000r\000k}{section.7}% 26
